./gradlew : WARNING: A 
restricted method in 
java.lang.System has been 
called
At line:1 char:1
+ ./gradlew assembleDebug > 
build_output.txt 2>&1
+ ~~~~~~~~~~~~~~~~~~~~~~~~~~~
~~~~~~~~~~~~~~~~~~~~
    + CategoryInfo           
   : NotSpecified: (WARNING  
  : A rest...has been call   
 ed:String) [], RemoteExc    
eption
    + FullyQualifiedErrorId  
   : NativeCommandError
 
WARNING: 
java.lang.System::load has 
been called by net.rubygrapef
ruit.platform.internal.Native
LibraryLoader in an unnamed 
module (file:/C:/Users/thapa/
.gradle/wrapper/dists/gradle-
8.9-bin/90cnw93cvbtalezasaz0b
lq0a/gradle-8.9/lib/native-pl
atform-0.22-milestone-26.jar)
WARNING: Use --enable-native-
access=ALL-UNNAMED to avoid 
a warning for callers in 
this module
WARNING: Restricted methods 
will be blocked in a future 
release unless native access 
is enabled


> Configure project :app
WARNING: The option setting 'android.defaults.buildfeatures.buildconfig=true' is deprecated.
The current default is 'false'.
It will be removed in version 9.0 of the Android Gradle plugin.
To keep using this feature, add the following to your module-level build.gradle files:
    android.buildFeatures.buildConfig = true
or from Android Studio, click: `Refactor` > `Migrate BuildConfig to Gradle Build Files`.

> Task :app:preBuild UP-TO-DATE
> Task :app:preDebugBuild UP-TO-DATE
> Task :app:mergeDebugNativeDebugMetadata NO-SOURCE
> Task :app:checkKotlinGradlePluginConfigurationErrors SKIPPED
> Task :app:dataBindingMergeDependencyArtifactsDebug UP-TO-DATE
> Task :app:generateDebugResValues UP-TO-DATE
> Task :app:generateDebugResources UP-TO-DATE
> Task :app:processDebugGoogleServices UP-TO-DATE
> Task :app:mergeDebugResources UP-TO-DATE
> Task :app:packageDebugResources UP-TO-DATE
> Task :app:parseDebugLocalResources UP-TO-DATE
> Task :app:dataBindingGenBaseClassesDebug UP-TO-DATE
> Task :app:generateDebugBuildConfig UP-TO-DATE
> Task :app:generateSafeArgsDebug UP-TO-DATE
> Task :app:checkDebugAarMetadata UP-TO-DATE
> Task :app:mapDebugSourceSetPaths UP-TO-DATE
> Task :app:createDebugCompatibleScreenManifests UP-TO-DATE
> Task :app:extractDeepLinksDebug UP-TO-DATE
> Task :app:processDebugMainManifest UP-TO-DATE
> Task :app:processDebugManifest UP-TO-DATE
> Task :app:processDebugManifestForPackage UP-TO-DATE
> Task :app:javaPreCompileDebug UP-TO-DATE
> Task :app:mergeDebugShaders UP-TO-DATE
> Task :app:compileDebugShaders NO-SOURCE
> Task :app:generateDebugAssets UP-TO-DATE
> Task :app:mergeDebugAssets UP-TO-DATE
> Task :app:compressDebugAssets UP-TO-DATE
> Task :app:l8DexDesugarLibDebug UP-TO-DATE
> Task :app:desugarDebugFileDependencies UP-TO-DATE
> Task :app:checkDebugDuplicateClasses UP-TO-DATE
> Task :app:mergeExtDexDebug UP-TO-DATE
> Task :app:mergeLibDexDebug UP-TO-DATE
> Task :app:mergeDebugJniLibFolders UP-TO-DATE
> Task :app:mergeDebugNativeLibs NO-SOURCE
> Task :app:stripDebugDebugSymbols NO-SOURCE
> Task :app:validateSigningDebug UP-TO-DATE
> Task :app:writeDebugAppMetadata UP-TO-DATE
> Task :app:writeDebugSigningConfigVersions UP-TO-DATE
> Task :app:processDebugResources FAILED

FAILURE: Build failed with 
an exception.

* What went wrong:
Execution failed for task 
':app:processDebugResources'.
> A failure occurred while 
executing com.android.build.g
radle.internal.res.LinkApplic
ationAndroidResourcesTask$Tas
kAction
   > Android resource 
linking failed
     com.example.expensetrack
er.app-mergeDebugResources-63
:/layout/fragment_profile.xml
:123: error: resource 
drawable/ic_share (aka com.ex
ample.expensetracker:drawable
/ic_share) not found.
     com.example.expensetrack
er.app-mergeDebugResources-63
:/layout/fragment_profile.xml
:202: error: resource 
drawable/ic_chevron_right_24 
(aka com.example.expensetrack
er:drawable/ic_chevron_right_
24) not found.
     com.example.expensetrack
er.app-mergeDebugResources-63
:/layout/fragment_profile.xml
:249: error: resource 
drawable/ic_chevron_right_24 
(aka com.example.expensetrack
er:drawable/ic_chevron_right_
24) not found.
     com.example.expensetrack
er.app-mergeDebugResources-63
:/layout/fragment_profile.xml
:319: error: resource 
drawable/ic_chevron_right_24 
(aka com.example.expensetrack
er:drawable/ic_chevron_right_
24) not found.
     com.example.expensetrack
er.app-mergeDebugResources-63
:/layout/fragment_profile.xml
:366: error: resource 
drawable/ic_chevron_right_24 
(aka com.example.expensetrack
er:drawable/ic_chevron_right_
24) not found.
     error: failed linking 
file resources.


* Try:
> Run with --stacktrace 
option to get the stack 
trace.
31 actionable tasks: 1 executed, 30 up-to-date
> Run with --info or --debug 
option to get more log 
output.
> Run with --scan to get 
full insights.
> Get more help at 
https://help.gradle.org.

BUILD FAILED in 6s
